Archive member included to satisfy reference by file (symbol)

/Applications/Ac6/SystemWorkbench.app/Contents/Eclipse/plugins/fr.ac6.mcu.externaltools.arm-none.macos64_1.13.0.201701261202/tools/compiler/bin/../lib/gcc/arm-none-eabi/5.4.1/../../../../arm-none-eabi/lib/armv7e-m/fpu/libc.a(lib_a-errno.o)
                              src/syscalls.o (__errno)
/Applications/Ac6/SystemWorkbench.app/Contents/Eclipse/plugins/fr.ac6.mcu.externaltools.arm-none.macos64_1.13.0.201701261202/tools/compiler/bin/../lib/gcc/arm-none-eabi/5.4.1/../../../../arm-none-eabi/lib/armv7e-m/fpu/libc.a(lib_a-exit.o)
                              /Applications/Ac6/SystemWorkbench.app/Contents/Eclipse/plugins/fr.ac6.mcu.externaltools.arm-none.macos64_1.13.0.201701261202/tools/compiler/bin/../lib/gcc/arm-none-eabi/5.4.1/../../../../arm-none-eabi/lib/armv7e-m/fpu/crt0.o (exit)
/Applications/Ac6/SystemWorkbench.app/Contents/Eclipse/plugins/fr.ac6.mcu.externaltools.arm-none.macos64_1.13.0.201701261202/tools/compiler/bin/../lib/gcc/arm-none-eabi/5.4.1/../../../../arm-none-eabi/lib/armv7e-m/fpu/libc.a(lib_a-impure.o)
                              /Applications/Ac6/SystemWorkbench.app/Contents/Eclipse/plugins/fr.ac6.mcu.externaltools.arm-none.macos64_1.13.0.201701261202/tools/compiler/bin/../lib/gcc/arm-none-eabi/5.4.1/../../../../arm-none-eabi/lib/armv7e-m/fpu/libc.a(lib_a-exit.o) (_global_impure_ptr)
/Applications/Ac6/SystemWorkbench.app/Contents/Eclipse/plugins/fr.ac6.mcu.externaltools.arm-none.macos64_1.13.0.201701261202/tools/compiler/bin/../lib/gcc/arm-none-eabi/5.4.1/../../../../arm-none-eabi/lib/armv7e-m/fpu/libc.a(lib_a-init.o)
                              /Applications/Ac6/SystemWorkbench.app/Contents/Eclipse/plugins/fr.ac6.mcu.externaltools.arm-none.macos64_1.13.0.201701261202/tools/compiler/bin/../lib/gcc/arm-none-eabi/5.4.1/../../../../arm-none-eabi/lib/armv7e-m/fpu/crt0.o (__libc_init_array)
/Applications/Ac6/SystemWorkbench.app/Contents/Eclipse/plugins/fr.ac6.mcu.externaltools.arm-none.macos64_1.13.0.201701261202/tools/compiler/bin/../lib/gcc/arm-none-eabi/5.4.1/../../../../arm-none-eabi/lib/armv7e-m/fpu/libc.a(lib_a-memcpy.o)
                              Middlewares/Third_Party/FreeRTOS/Source/queue.o (memcpy)
/Applications/Ac6/SystemWorkbench.app/Contents/Eclipse/plugins/fr.ac6.mcu.externaltools.arm-none.macos64_1.13.0.201701261202/tools/compiler/bin/../lib/gcc/arm-none-eabi/5.4.1/../../../../arm-none-eabi/lib/armv7e-m/fpu/libc.a(lib_a-memset.o)
                              /Applications/Ac6/SystemWorkbench.app/Contents/Eclipse/plugins/fr.ac6.mcu.externaltools.arm-none.macos64_1.13.0.201701261202/tools/compiler/bin/../lib/gcc/arm-none-eabi/5.4.1/../../../../arm-none-eabi/lib/armv7e-m/fpu/crt0.o (memset)
/Applications/Ac6/SystemWorkbench.app/Contents/Eclipse/plugins/fr.ac6.mcu.externaltools.arm-none.macos64_1.13.0.201701261202/tools/compiler/bin/../lib/gcc/arm-none-eabi/5.4.1/../../../../arm-none-eabi/lib/armv7e-m/fpu/libc.a(lib_a-__call_atexit.o)
                              /Applications/Ac6/SystemWorkbench.app/Contents/Eclipse/plugins/fr.ac6.mcu.externaltools.arm-none.macos64_1.13.0.201701261202/tools/compiler/bin/../lib/gcc/arm-none-eabi/5.4.1/../../../../arm-none-eabi/lib/armv7e-m/fpu/libc.a(lib_a-exit.o) (__call_exitprocs)
/Applications/Ac6/SystemWorkbench.app/Contents/Eclipse/plugins/fr.ac6.mcu.externaltools.arm-none.macos64_1.13.0.201701261202/tools/compiler/bin/../lib/gcc/arm-none-eabi/5.4.1/../../../../arm-none-eabi/lib/armv7e-m/fpu/libc.a(lib_a-atexit.o)
                              /Applications/Ac6/SystemWorkbench.app/Contents/Eclipse/plugins/fr.ac6.mcu.externaltools.arm-none.macos64_1.13.0.201701261202/tools/compiler/bin/../lib/gcc/arm-none-eabi/5.4.1/../../../../arm-none-eabi/lib/armv7e-m/fpu/libc.a(lib_a-__call_atexit.o) (atexit)
/Applications/Ac6/SystemWorkbench.app/Contents/Eclipse/plugins/fr.ac6.mcu.externaltools.arm-none.macos64_1.13.0.201701261202/tools/compiler/bin/../lib/gcc/arm-none-eabi/5.4.1/../../../../arm-none-eabi/lib/armv7e-m/fpu/libc.a(lib_a-fini.o)
                              /Applications/Ac6/SystemWorkbench.app/Contents/Eclipse/plugins/fr.ac6.mcu.externaltools.arm-none.macos64_1.13.0.201701261202/tools/compiler/bin/../lib/gcc/arm-none-eabi/5.4.1/../../../../arm-none-eabi/lib/armv7e-m/fpu/libc.a(lib_a-__call_atexit.o) (__libc_fini_array)
/Applications/Ac6/SystemWorkbench.app/Contents/Eclipse/plugins/fr.ac6.mcu.externaltools.arm-none.macos64_1.13.0.201701261202/tools/compiler/bin/../lib/gcc/arm-none-eabi/5.4.1/../../../../arm-none-eabi/lib/armv7e-m/fpu/libc.a(lib_a-__atexit.o)
                              /Applications/Ac6/SystemWorkbench.app/Contents/Eclipse/plugins/fr.ac6.mcu.externaltools.arm-none.macos64_1.13.0.201701261202/tools/compiler/bin/../lib/gcc/arm-none-eabi/5.4.1/../../../../arm-none-eabi/lib/armv7e-m/fpu/libc.a(lib_a-atexit.o) (__register_exitproc)

Allocating common symbols
Common symbol       size              file

UART_buff           0x32              src/main.o
[...]
Memory Configuration

Name             Origin             Length             Attributes
RAM              0x0000000020000000 0x0000000000020000 xrw
ROM              0x0000000008000000 0x0000000000100000 xr
*default*        0x0000000000000000 0xffffffffffffffff

Linker script and memory map

LOAD /Applications/Ac6/SystemWorkbench.app/Contents/Eclipse/plugins/fr.ac6.mcu.externaltools.arm-none.macos64_1.13.0.201701261202/tools/compiler/bin/../lib/gcc/arm-none-eabi/5.4.1/armv7e-m/fpu/crti.o
LOAD /Applications/Ac6/SystemWorkbench.app/Contents/Eclipse/plugins/fr.ac6.mcu.externaltools.arm-none.macos64_1.13.0.201701261202/tools/compiler/bin/../lib/gcc/arm-none-eabi/5.4.1/armv7e-m/fpu/crtbegin.o
LOAD /Applications/Ac6/SystemWorkbench.app/Contents/Eclipse/plugins/fr.ac6.mcu.externaltools.arm-none.macos64_1.13.0.201701261202/tools/compiler/bin/../lib/gcc/arm-none-eabi/5.4.1/../../../../arm-none-eabi/lib/armv7e-m/fpu/crt0.o
LOAD /Applications/Ac6/SystemWorkbench.app/Contents/Eclipse/plugins/fr.ac6.mcu.externaltools.arm-none.macos64_1.13.0.201701261202/tools/compiler/bin/../lib/gcc/arm-none-eabi/5.4.1/../../../../arm-none-eabi/lib/armv7e-m/fpu/libm.a
LOAD HAL_Driver/Src/stm32f4xx_hal.o
LOAD HAL_Driver/Src/stm32f4xx_hal_adc.o
LOAD HAL_Driver/Src/stm32f4xx_hal_adc_ex.o
LOAD HAL_Driver/Src/stm32f4xx_hal_can.o
LOAD HAL_Driver/Src/stm32f4xx_hal_cec.o
LOAD HAL_Driver/Src/stm32f4xx_hal_cortex.o
LOAD HAL_Driver/Src/stm32f4xx_hal_crc.o
LOAD HAL_Driver/Src/stm32f4xx_hal_cryp.o
LOAD HAL_Driver/Src/stm32f4xx_hal_cryp_ex.o
LOAD HAL_Driver/Src/stm32f4xx_hal_dac.o
LOAD HAL_Driver/Src/stm32f4xx_hal_dac_ex.o
LOAD HAL_Driver/Src/stm32f4xx_hal_dcmi.o
LOAD HAL_Driver/Src/stm32f4xx_hal_dcmi_ex.o
LOAD HAL_Driver/Src/stm32f4xx_hal_dfsdm.o
LOAD HAL_Driver/Src/stm32f4xx_hal_dma.o
LOAD HAL_Driver/Src/stm32f4xx_hal_dma2d.o
LOAD HAL_Driver/Src/stm32f4xx_hal_dma_ex.o
LOAD HAL_Driver/Src/stm32f4xx_hal_dsi.o
LOAD HAL_Driver/Src/stm32f4xx_hal_eth.o
LOAD HAL_Driver/Src/stm32f4xx_hal_flash.o
LOAD HAL_Driver/Src/stm32f4xx_hal_flash_ex.o
LOAD HAL_Driver/Src/stm32f4xx_hal_flash_ramfunc.o
LOAD HAL_Driver/Src/stm32f4xx_hal_fmpi2c.o
LOAD HAL_Driver/Src/stm32f4xx_hal_fmpi2c_ex.o
LOAD HAL_Driver/Src/stm32f4xx_hal_gpio.o
LOAD HAL_Driver/Src/stm32f4xx_hal_hash.o
LOAD HAL_Driver/Src/stm32f4xx_hal_hash_ex.o
LOAD HAL_Driver/Src/stm32f4xx_hal_hcd.o
LOAD HAL_Driver/Src/stm32f4xx_hal_i2c.o
LOAD HAL_Driver/Src/stm32f4xx_hal_i2c_ex.o
LOAD HAL_Driver/Src/stm32f4xx_hal_i2s.o
LOAD HAL_Driver/Src/stm32f4xx_hal_i2s_ex.o
LOAD HAL_Driver/Src/stm32f4xx_hal_irda.o
LOAD HAL_Driver/Src/stm32f4xx_hal_iwdg.o
LOAD HAL_Driver/Src/stm32f4xx_hal_lptim.o
LOAD HAL_Driver/Src/stm32f4xx_hal_ltdc.o
LOAD HAL_Driver/Src/stm32f4xx_hal_ltdc_ex.o
LOAD HAL_Driver/Src/stm32f4xx_hal_msp_template.o
LOAD HAL_Driver/Src/stm32f4xx_hal_nand.o
LOAD HAL_Driver/Src/stm32f4xx_hal_nor.o
LOAD HAL_Driver/Src/stm32f4xx_hal_pccard.o
LOAD HAL_Driver/Src/stm32f4xx_hal_pcd.o
LOAD HAL_Driver/Src/stm32f4xx_hal_pcd_ex.o
LOAD HAL_Driver/Src/stm32f4xx_hal_pwr.o
LOAD HAL_Driver/Src/stm32f4xx_hal_pwr_ex.o
LOAD HAL_Driver/Src/stm32f4xx_hal_qspi.o
LOAD HAL_Driver/Src/stm32f4xx_hal_rcc.o
LOAD HAL_Driver/Src/stm32f4xx_hal_rcc_ex.o
LOAD HAL_Driver/Src/stm32f4xx_hal_rng.o
LOAD HAL_Driver/Src/stm32f4xx_hal_rtc.o
LOAD HAL_Driver/Src/stm32f4xx_hal_rtc_ex.o
LOAD HAL_Driver/Src/stm32f4xx_hal_sai.o
LOAD HAL_Driver/Src/stm32f4xx_hal_sai_ex.o
LOAD HAL_Driver/Src/stm32f4xx_hal_sd.o
LOAD HAL_Driver/Src/stm32f4xx_hal_sdram.o
LOAD HAL_Driver/Src/stm32f4xx_hal_smartcard.o
LOAD HAL_Driver/Src/stm32f4xx_hal_spdifrx.o
LOAD HAL_Driver/Src/stm32f4xx_hal_spi.o
LOAD HAL_Driver/Src/stm32f4xx_hal_sram.o
LOAD HAL_Driver/Src/stm32f4xx_hal_tim.o
LOAD HAL_Driver/Src/stm32f4xx_hal_tim_ex.o
LOAD HAL_Driver/Src/stm32f4xx_hal_uart.o
LOAD HAL_Driver/Src/stm32f4xx_hal_usart.o
LOAD HAL_Driver/Src/stm32f4xx_hal_wwdg.o
LOAD HAL_Driver/Src/stm32f4xx_ll_fmc.o
LOAD HAL_Driver/Src/stm32f4xx_ll_fsmc.o
LOAD HAL_Driver/Src/stm32f4xx_ll_sdmmc.o
LOAD HAL_Driver/Src/stm32f4xx_ll_usb.o
LOAD Middlewares/Third_Party/FreeRTOS/Source/CMSIS_RTOS/cmsis_os.o
LOAD Middlewares/Third_Party/FreeRTOS/Source/croutine.o
LOAD Middlewares/Third_Party/FreeRTOS/Source/event_groups.o
LOAD Middlewares/Third_Party/FreeRTOS/Source/list.o
LOAD Middlewares/Third_Party/FreeRTOS/Source/queue.o
LOAD Middlewares/Third_Party/FreeRTOS/Source/tasks.o
LOAD Middlewares/Third_Party/FreeRTOS/Source/timers.o
LOAD Middlewares/Third_Party/FreeRTOS/Source/portable/GCC/ARM_CM4F/port.o
LOAD Middlewares/Third_Party/FreeRTOS/Source/portable/MemMang/heap_4.o
LOAD src/i2s.o
LOAD src/main.o
LOAD src/rcc.o
LOAD src/stm32_dma.o
LOAD src/stm32_gpio.o
LOAD src/stm32_i2c.o
LOAD src/stm32_uart.o
LOAD src/stm32f4xx_it.o
LOAD src/syscalls.o
LOAD src/system_stm32f4xx.o
LOAD startup/startup_stm32.o
START GROUP
LOAD /Applications/Ac6/SystemWorkbench.app/Contents/Eclipse/plugins/fr.ac6.mcu.externaltools.arm-none.macos64_1.13.0.201701261202/tools/compiler/bin/../lib/gcc/arm-none-eabi/5.4.1/armv7e-m/fpu/libgcc.a
LOAD /Applications/Ac6/SystemWorkbench.app/Contents/Eclipse/plugins/fr.ac6.mcu.externaltools.arm-none.macos64_1.13.0.201701261202/tools/compiler/bin/../lib/gcc/arm-none-eabi/5.4.1/../../../../arm-none-eabi/lib/armv7e-m/fpu/libc.a
END GROUP
LOAD /Applications/Ac6/SystemWorkbench.app/Contents/Eclipse/plugins/fr.ac6.mcu.externaltools.arm-none.macos64_1.13.0.201701261202/tools/compiler/bin/../lib/gcc/arm-none-eabi/5.4.1/armv7e-m/fpu/crtend.o
LOAD /Applications/Ac6/SystemWorkbench.app/Contents/Eclipse/plugins/fr.ac6.mcu.externaltools.arm-none.macos64_1.13.0.201701261202/tools/compiler/bin/../lib/gcc/arm-none-eabi/5.4.1/armv7e-m/fpu/crtn.o
                0x0000000020020000                _estack = 0x20020000
                0x0000000000000000                _Min_Heap_Size = 0x0
                0x0000000000000400                _Min_Stack_Size = 0x400

.isr_vector     0x0000000008000000      0x188
                0x0000000008000000                . = ALIGN (0x4)
 *(.isr_vector)
 .isr_vector    0x0000000008000000      0x188 startup/startup_stm32.o
                0x0000000008000000                g_pfnVectors
                0x0000000008000188                . = ALIGN (0x4)

.text           0x0000000008000188     0x13b0
                0x0000000008000188                . = ALIGN (0x4)
 *(.text)
 .text          0x0000000008000188       0x5c /Applications/Ac6/SystemWorkbench.app/Contents/Eclipse/plugins/fr.ac6.mcu.externaltools.arm-none.macos64_1.13.0.201701261202/tools/compiler/bin/../lib/gcc/arm-none-eabi/5.4.1/armv7e-m/fpu/crtbegin.o
 .text          0x00000000080001e4      0x134 /Applications/Ac6/SystemWorkbench.app/Contents/Eclipse/plugins/fr.ac6.mcu.externaltools.arm-none.macos64_1.13.0.201701261202/tools/compiler/bin/../lib/gcc/arm-none-eabi/5.4.1/../../../../arm-none-eabi/lib/armv7e-m/fpu/libc.a(lib_a-memcpy.o)
                0x00000000080001e4                memcpy
 *(.text*)
 .text.HAL_InitTick
                0x0000000008000318       0x2c HAL_Driver/Src/stm32f4xx_hal.o
                0x0000000008000318                HAL_InitTick
 .text.HAL_IncTick
                0x0000000008000344       0x10 HAL_Driver/Src/stm32f4xx_hal.o
                0x0000000008000344                HAL_IncTick
 .text.HAL_GetTick
                0x0000000008000354        0xc HAL_Driver/Src/stm32f4xx_hal.o
                0x0000000008000354                HAL_GetTick
 .text.HAL_NVIC_SetPriority
                0x0000000008000360       0x70 HAL_Driver/Src/stm32f4xx_hal_cortex.o
                0x0000000008000360                HAL_NVIC_SetPriority
 .text.HAL_SYSTICK_Config
                0x00000000080003d0       0x34 HAL_Driver/Src/stm32f4xx_hal_cortex.o
                0x00000000080003d0                HAL_SYSTICK_Config
 .text.HAL_SYSTICK_CLKSourceConfig
                0x0000000008000404       0x18 HAL_Driver/Src/stm32f4xx_hal_cortex.o
                0x0000000008000404                HAL_SYSTICK_CLKSourceConfig
 .text.HAL_SYSTICK_Callback
                0x000000000800041c        0x4 HAL_Driver/Src/stm32f4xx_hal_cortex.o
                0x000000000800041c                HAL_SYSTICK_Callback
 .text.HAL_SYSTICK_IRQHandler
                0x0000000008000420        0x8 HAL_Driver/Src/stm32f4xx_hal_cortex.o
                0x0000000008000420                HAL_SYSTICK_IRQHandler
 .text.HAL_RCC_OscConfig
                0x0000000008000428      0x384 HAL_Driver/Src/stm32f4xx_hal_rcc.o
                0x0000000008000428                HAL_RCC_OscConfig
 .text.HAL_RCC_GetSysClockFreq
                0x00000000080007ac       0x7c HAL_Driver/Src/stm32f4xx_hal_rcc.o
                0x00000000080007ac                HAL_RCC_GetSysClockFreq
 .text.HAL_RCC_ClockConfig
                0x0000000008000828      0x16c HAL_Driver/Src/stm32f4xx_hal_rcc.o
                0x0000000008000828                HAL_RCC_ClockConfig
 .text.HAL_RCC_GetHCLKFreq
                0x0000000008000994        0xc HAL_Driver/Src/stm32f4xx_hal_rcc.o
                0x0000000008000994                HAL_RCC_GetHCLKFreq
 .text.HAL_RCC_GetPCLK1Freq
                0x00000000080009a0       0x30 HAL_Driver/Src/stm32f4xx_hal_rcc.o
                0x00000000080009a0                HAL_RCC_GetPCLK1Freq
 .text.osSystickHandler
                0x00000000080009d0       0x14 Middlewares/Third_Party/FreeRTOS/Source/CMSIS_RTOS/cmsis_os.o
                0x00000000080009d0                osSystickHandler
 .text.vListInsertEnd
                0x00000000080009e4       0x20 Middlewares/Third_Party/FreeRTOS/Source/list.o
                0x00000000080009e4                vListInsertEnd
 .text.uxListRemove
                0x0000000008000a04       0x28 Middlewares/Third_Party/FreeRTOS/Source/list.o
                0x0000000008000a04                uxListRemove
 .text.xTaskIncrementTick
                0x0000000008000a2c      0x10c Middlewares/Third_Party/FreeRTOS/Source/tasks.o
                0x0000000008000a2c                xTaskIncrementTick
 .text.vTaskSwitchContext
                0x0000000008000b38       0x5c Middlewares/Third_Party/FreeRTOS/Source/tasks.o
                0x0000000008000b38                vTaskSwitchContext
 .text.xTaskGetSchedulerState
                0x0000000008000b94       0x20 Middlewares/Third_Party/FreeRTOS/Source/tasks.o
                0x0000000008000b94                xTaskGetSchedulerState
 .text.SVC_Handler
                0x0000000008000bb4       0x20 Middlewares/Third_Party/FreeRTOS/Source/portable/GCC/ARM_CM4F/port.o
                0x0000000008000bb4                SVC_Handler
 .text.PendSV_Handler
                0x0000000008000bd4       0x60 Middlewares/Third_Party/FreeRTOS/Source/portable/GCC/ARM_CM4F/port.o
                0x0000000008000bd4                PendSV_Handler
 .text.xPortSysTickHandler
                0x0000000008000c34       0x30 Middlewares/Third_Party/FreeRTOS/Source/portable/GCC/ARM_CM4F/port.o
                0x0000000008000c34                xPortSysTickHandler
 .text.UART_RX_comp
                0x0000000008000c64        0xc src/main.o
                0x0000000008000c64                UART_RX_comp
 .text.UART_TX_comp
                0x0000000008000c70        0xc src/main.o
                0x0000000008000c70                UART_TX_comp
 .text.gpio_init_test
                0x0000000008000c7c       0x44 src/main.o
                0x0000000008000c7c                gpio_init_test
 .text.SystemClock_Config
                0x0000000008000cc0       0xa4 src/main.o
                0x0000000008000cc0                SystemClock_Config
 .text.startup.main
                0x0000000008000d64      0x10c src/main.o
                0x0000000008000d64                main
 .text.dummy_Handler
                0x0000000008000e70        0x4 src/main.o
                0x0000000008000e70                dummy_Handler
 .text.DMA_config
                0x0000000008000e74       0x7c src/stm32_dma.o
                0x0000000008000e74                DMA_config
 .text.DMA_start_TX
                0x0000000008000ef0        0xc src/stm32_dma.o
                0x0000000008000ef0                DMA_start_TX
 .text.gpio_init
                0x0000000008000efc       0x88 src/stm32_gpio.o
                0x0000000008000efc                gpio_init
 .text.gpio_pin_set
                0x0000000008000f84        0xc src/stm32_gpio.o
                0x0000000008000f84                gpio_pin_set
 .text.gpio_pin_reset
                0x0000000008000f90        0xc src/stm32_gpio.o
                0x0000000008000f90                gpio_pin_reset
 .text.i2c1_init
                0x0000000008000f9c       0x78 src/stm32_i2c.o
                0x0000000008000f9c                i2c1_init
 .text.i2c_start
                0x0000000008001014       0x20 src/stm32_i2c.o
                0x0000000008001014                i2c_start
 .text.i2c_checkReady
                0x0000000008001034       0x1c src/stm32_i2c.o
                0x0000000008001034                i2c_checkReady
 .text.UART_Init
                0x0000000008001050      0x184 src/stm32_uart.o
                0x0000000008001050                UART_Init
 .text.UART_Transmit_DMA
                0x00000000080011d4       0x20 src/stm32_uart.o
                0x00000000080011d4                UART_Transmit_DMA
 .text.UART_Transmit
                0x00000000080011f4       0x34 src/stm32_uart.o
                0x00000000080011f4                UART_Transmit
 .text.UART_register_rx_complete_func
                0x0000000008001228        0xc src/stm32_uart.o
                0x0000000008001228                UART_register_rx_complete_func
 .text.UART_register_tx_complete_func
                0x0000000008001234        0xc src/stm32_uart.o
                0x0000000008001234                UART_register_tx_complete_func
 .text.DMA1_Stream2_IRQHandler
                0x0000000008001240       0x38 src/stm32_uart.o
                0x0000000008001240                DMA1_Stream2_IRQHandler
 .text.DMA1_Stream4_IRQHandler
                0x0000000008001278       0x24 src/stm32_uart.o
                0x0000000008001278                DMA1_Stream4_IRQHandler
 .text.UART4_IRQHandler
                0x000000000800129c       0x20 src/stm32_uart.o
                0x000000000800129c                UART4_IRQHandler
 .text.SysTick_Handler
                0x00000000080012bc       0x14 src/stm32f4xx_it.o
                0x00000000080012bc                SysTick_Handler
 .text.SystemInit
                0x00000000080012d0       0x50 src/system_stm32f4xx.o
                0x00000000080012d0                SystemInit
 .text.SystemCoreClockUpdate
                0x0000000008001320       0x78 src/system_stm32f4xx.o
                0x0000000008001320                SystemCoreClockUpdate
 .text.Reset_Handler
                0x0000000008001398       0x48 startup/startup_stm32.o
                0x0000000008001398                Reset_Handler
 .text.Default_Handler
                0x00000000080013e0        0x2 startup/startup_stm32.o
                0x00000000080013e0                DMA1_Stream3_IRQHandler
                0x00000000080013e0                HardFault_Handler
                0x00000000080013e0                DMA1_Stream5_IRQHandler
                0x00000000080013e0                NMI_Handler
                0x00000000080013e0                UsageFault_Handler
                0x00000000080013e0                DMA2_Stream2_IRQHandler
                0x00000000080013e0                DMA2_Stream3_IRQHandler
                0x00000000080013e0                DMA2_Stream0_IRQHandler
                0x00000000080013e0                DMA1_Stream6_IRQHandler
                0x00000000080013e0                DMA1_Stream1_IRQHandler
                0x00000000080013e0                Default_Handler
                0x00000000080013e0                MemManage_Handler
                0x00000000080013e0                DMA1_Stream0_IRQHandler
                0x00000000080013e0                DMA2_Stream1_IRQHandler
                0x00000000080013e0                DMA2_Stream4_IRQHandler
                0x00000000080013e0                BusFault_Handler
                0x00000000080013e0                DebugMon_Handler
 *fill*         0x00000000080013e2        0x2 
 .text.__libc_init_array
                0x00000000080013e4       0x50 /Applications/Ac6/SystemWorkbench.app/Contents/Eclipse/plugins/fr.ac6.mcu.externaltools.arm-none.macos64_1.13.0.201701261202/tools/compiler/bin/../lib/gcc/arm-none-eabi/5.4.1/../../../../arm-none-eabi/lib/armv7e-m/fpu/libc.a(lib_a-init.o)
                0x00000000080013e4                __libc_init_array
 .text.startup.register_fini
                0x0000000008001434       0x14 /Applications/Ac6/SystemWorkbench.app/Contents/Eclipse/plugins/fr.ac6.mcu.externaltools.arm-none.macos64_1.13.0.201701261202/tools/compiler/bin/../lib/gcc/arm-none-eabi/5.4.1/../../../../arm-none-eabi/lib/armv7e-m/fpu/libc.a(lib_a-__call_atexit.o)
 .text.atexit   0x0000000008001448        0xc /Applications/Ac6/SystemWorkbench.app/Contents/Eclipse/plugins/fr.ac6.mcu.externaltools.arm-none.macos64_1.13.0.201701261202/tools/compiler/bin/../lib/gcc/arm-none-eabi/5.4.1/../../../../arm-none-eabi/lib/armv7e-m/fpu/libc.a(lib_a-atexit.o)
                0x0000000008001448                atexit
 .text.__libc_fini_array
                0x0000000008001454       0x28 /Applications/Ac6/SystemWorkbench.app/Contents/Eclipse/plugins/fr.ac6.mcu.externaltools.arm-none.macos64_1.13.0.201701261202/tools/compiler/bin/../lib/gcc/arm-none-eabi/5.4.1/../../../../arm-none-eabi/lib/armv7e-m/fpu/libc.a(lib_a-fini.o)
                0x0000000008001454                __libc_fini_array
 .text.__register_exitproc
                0x000000000800147c       0xa4 /Applications/Ac6/SystemWorkbench.app/Contents/Eclipse/plugins/fr.ac6.mcu.externaltools.arm-none.macos64_1.13.0.201701261202/tools/compiler/bin/../lib/gcc/arm-none-eabi/5.4.1/../../../../arm-none-eabi/lib/armv7e-m/fpu/libc.a(lib_a-__atexit.o)
                0x000000000800147c                __register_exitproc
 *(.glue_7)
 .glue_7        0x0000000008001520        0x0 linker stubs
 *(.glue_7t)
 .glue_7t       0x0000000008001520        0x0 linker stubs
 *(.eh_frame)
 .eh_frame      0x0000000008001520        0x0 /Applications/Ac6/SystemWorkbench.app/Contents/Eclipse/plugins/fr.ac6.mcu.externaltools.arm-none.macos64_1.13.0.201701261202/tools/compiler/bin/../lib/gcc/arm-none-eabi/5.4.1/armv7e-m/fpu/crtbegin.o
 *(.init)
 .init          0x0000000008001520        0x4 /Applications/Ac6/SystemWorkbench.app/Contents/Eclipse/plugins/fr.ac6.mcu.externaltools.arm-none.macos64_1.13.0.201701261202/tools/compiler/bin/../lib/gcc/arm-none-eabi/5.4.1/armv7e-m/fpu/crti.o
                0x0000000008001520                _init
 .init          0x0000000008001524        0x8 /Applications/Ac6/SystemWorkbench.app/Contents/Eclipse/plugins/fr.ac6.mcu.externaltools.arm-none.macos64_1.13.0.201701261202/tools/compiler/bin/../lib/gcc/arm-none-eabi/5.4.1/armv7e-m/fpu/crtn.o
 *(.fini)
 .fini          0x000000000800152c        0x4 /Applications/Ac6/SystemWorkbench.app/Contents/Eclipse/plugins/fr.ac6.mcu.externaltools.arm-none.macos64_1.13.0.201701261202/tools/compiler/bin/../lib/gcc/arm-none-eabi/5.4.1/armv7e-m/fpu/crti.o
                0x000000000800152c                _fini
 .fini          0x0000000008001530        0x8 /Applications/Ac6/SystemWorkbench.app/Contents/Eclipse/plugins/fr.ac6.mcu.externaltools.arm-none.macos64_1.13.0.201701261202/tools/compiler/bin/../lib/gcc/arm-none-eabi/5.4.1/armv7e-m/fpu/crtn.o
                0x0000000008001538                . = ALIGN (0x4)
                0x0000000008001538                _etext = .

.vfp11_veneer   0x0000000008001538        0x0
 .vfp11_veneer  0x0000000008001538        0x0 linker stubs

.v4_bx          0x0000000008001538        0x0
 .v4_bx         0x0000000008001538        0x0 linker stubs

.iplt           0x0000000008001538        0x0
 .iplt          0x0000000008001538        0x0 /Applications/Ac6/SystemWorkbench.app/Contents/Eclipse/plugins/fr.ac6.mcu.externaltools.arm-none.macos64_1.13.0.201701261202/tools/compiler/bin/../lib/gcc/arm-none-eabi/5.4.1/armv7e-m/fpu/crtbegin.o

.rodata         0x0000000008001538       0x5c
                0x0000000008001538                . = ALIGN (0x4)
 *(.rodata)
 .rodata        0x0000000008001538       0x10 HAL_Driver/Src/stm32f4xx_hal_rcc.o
                0x0000000008001538                APBAHBPrescTable
 .rodata        0x0000000008001548       0x18 src/system_stm32f4xx.o
                0x0000000008001548                AHBPrescTable
                0x0000000008001558                APBPrescTable
 *(.rodata*)
 .rodata.str1.4
                0x0000000008001560       0x30 src/main.o
                                         0x2d (size before relaxing)
 .rodata._global_impure_ptr
                0x0000000008001590        0x4 /Applications/Ac6/SystemWorkbench.app/Contents/Eclipse/plugins/fr.ac6.mcu.externaltools.arm-none.macos64_1.13.0.201701261202/tools/compiler/bin/../lib/gcc/arm-none-eabi/5.4.1/../../../../arm-none-eabi/lib/armv7e-m/fpu/libc.a(lib_a-impure.o)
                0x0000000008001590                _global_impure_ptr
                0x0000000008001594                . = ALIGN (0x4)

.rel.dyn        0x0000000008001594        0x0
 .rel.iplt      0x0000000008001594        0x0 /Applications/Ac6/SystemWorkbench.app/Contents/Eclipse/plugins/fr.ac6.mcu.externaltools.arm-none.macos64_1.13.0.201701261202/tools/compiler/bin/../lib/gcc/arm-none-eabi/5.4.1/armv7e-m/fpu/crtbegin.o

.ARM.extab      0x0000000008001594        0x0
                0x0000000008001594                . = ALIGN (0x4)
 *(.ARM.extab* .gnu.linkonce.armextab.*)
                0x0000000008001594                . = ALIGN (0x4)

.ARM            0x0000000008001594        0x0
                0x0000000008001594                . = ALIGN (0x4)
                0x0000000008001594                __exidx_start = .
 *(.ARM.exidx*)
                0x0000000008001594                __exidx_end = .
                0x0000000008001594                . = ALIGN (0x4)

.preinit_array  0x0000000008001594        0x0
                0x0000000008001594                . = ALIGN (0x4)
                0x0000000008001594                PROVIDE (__preinit_array_start, .)
 *(.preinit_array*)
                0x0000000008001594                PROVIDE (__preinit_array_end, .)
                0x0000000008001594                . = ALIGN (0x4)

.init_array     0x0000000008001594        0x8
                0x0000000008001594                . = ALIGN (0x4)
                0x0000000008001594                PROVIDE (__init_array_start, .)
 *(SORT(.init_array.*))
 .init_array.00000
                0x0000000008001594        0x4 /Applications/Ac6/SystemWorkbench.app/Contents/Eclipse/plugins/fr.ac6.mcu.externaltools.arm-none.macos64_1.13.0.201701261202/tools/compiler/bin/../lib/gcc/arm-none-eabi/5.4.1/../../../../arm-none-eabi/lib/armv7e-m/fpu/libc.a(lib_a-__call_atexit.o)
 *(.init_array*)
 .init_array    0x0000000008001598        0x4 /Applications/Ac6/SystemWorkbench.app/Contents/Eclipse/plugins/fr.ac6.mcu.externaltools.arm-none.macos64_1.13.0.201701261202/tools/compiler/bin/../lib/gcc/arm-none-eabi/5.4.1/armv7e-m/fpu/crtbegin.o
                0x000000000800159c                PROVIDE (__init_array_end, .)
                0x000000000800159c                . = ALIGN (0x4)

.fini_array     0x000000000800159c        0x4
                0x000000000800159c                . = ALIGN (0x4)
                0x000000000800159c                PROVIDE (__fini_array_start, .)
 *(SORT(.fini_array.*))
 *(.fini_array*)
 .fini_array    0x000000000800159c        0x4 /Applications/Ac6/SystemWorkbench.app/Contents/Eclipse/plugins/fr.ac6.mcu.externaltools.arm-none.macos64_1.13.0.201701261202/tools/compiler/bin/../lib/gcc/arm-none-eabi/5.4.1/armv7e-m/fpu/crtbegin.o
                0x00000000080015a0                PROVIDE (__fini_array_end, .)
                0x00000000080015a0                . = ALIGN (0x4)
                0x00000000080015a0                _sidata = LOADADDR (.data)

.data           0x0000000020000000      0x430 load address 0x00000000080015a0
                0x0000000020000000                . = ALIGN (0x4)
                0x0000000020000000                _sdata = .
 *(.data)
 .data          0x0000000020000000        0x1 src/main.o
                0x0000000020000000                uart_transmit_ready
 *fill*         0x0000000020000001        0x3 
 .data          0x0000000020000004        0x4 src/system_stm32f4xx.o
                0x0000000020000004                SystemCoreClock
 *(.data*)
 .data.impure_data
                0x0000000020000008      0x428 /Applications/Ac6/SystemWorkbench.app/Contents/Eclipse/plugins/fr.ac6.mcu.externaltools.arm-none.macos64_1.13.0.201701261202/tools/compiler/bin/../lib/gcc/arm-none-eabi/5.4.1/../../../../arm-none-eabi/lib/armv7e-m/fpu/libc.a(lib_a-impure.o)
                0x0000000020000430                . = ALIGN (0x4)
                0x0000000020000430                _edata = .

.jcr            0x0000000020000430        0x0 load address 0x00000000080019d0
 .jcr           0x0000000020000430        0x0 /Applications/Ac6/SystemWorkbench.app/Contents/Eclipse/plugins/fr.ac6.mcu.externaltools.arm-none.macos64_1.13.0.201701261202/tools/compiler/bin/../lib/gcc/arm-none-eabi/5.4.1/armv7e-m/fpu/crtbegin.o

.igot.plt       0x0000000020000430        0x0 load address 0x00000000080019d0
 .igot.plt      0x0000000020000430        0x0 /Applications/Ac6/SystemWorkbench.app/Contents/Eclipse/plugins/fr.ac6.mcu.externaltools.arm-none.macos64_1.13.0.201701261202/tools/compiler/bin/../lib/gcc/arm-none-eabi/5.4.1/armv7e-m/fpu/crtbegin.o
                0x0000000020000430                . = ALIGN (0x4)

.bss            0x0000000020000430      0x25c load address 0x00000000080019d0
                0x0000000020000430                _sbss = .
                0x0000000020000430                __bss_start__ = _sbss
 *(.bss)
 .bss           0x0000000020000430       0x1c /Applications/Ac6/SystemWorkbench.app/Contents/Eclipse/plugins/fr.ac6.mcu.externaltools.arm-none.macos64_1.13.0.201701261202/tools/compiler/bin/../lib/gcc/arm-none-eabi/5.4.1/armv7e-m/fpu/crtbegin.o
 .bss           0x000000002000044c      0x128 Middlewares/Third_Party/FreeRTOS/Source/tasks.o
                0x000000002000044c                pxCurrentTCB
 .bss           0x0000000020000574        0x8 src/main.o
                0x0000000020000574                uart_receive_ready
                0x0000000020000578                cnt
 .bss           0x000000002000057c        0xc src/stm32_uart.o
                0x000000002000057c                UART_RX_buff_size
                0x0000000020000580                rx_ready_func
                0x0000000020000584                tx_ready_func
 *(.bss*)
 *(COMMON)
 COMMON         0x0000000020000588        0x4 HAL_Driver/Src/stm32f4xx_hal.o
                0x0000000020000588                uwTick
 COMMON         0x000000002000058c       0x38 src/main.o
                0x000000002000058c                UART_buff
                0x00000000200005c0                count
 COMMON         0x00000000200005c4       0xc8 src/stm32_uart.o
                0x00000000200005c4                UART_TX_buffer
                0x000000002000068c                . = ALIGN (0x4)
                0x000000002000068c                _ebss = .
                0x000000002000068c                __bss_end__ = _ebss

._user_heap_stack
                0x000000002000068c      0x404 load address 0x00000000080019d0
                0x0000000020000690                . = ALIGN (0x8)
 *fill*         0x000000002000068c        0x4 
                0x0000000020000690                PROVIDE (end, .)
                [!provide]                        PROVIDE (_end, .)
                0x0000000020000690                . = (. + _Min_Heap_Size)
                0x0000000020000a90                . = (. + _Min_Stack_Size)
 *fill*         0x0000000020000690      0x400 
                0x0000000020000a90                . = ALIGN (0x8)

/DISCARD/
 libc.a(*)
 libm.a(*)
 libgcc.a(*)

.ARM.attributes
                0x0000000000000000       0x30
 *(.ARM.attributes)
 .ARM.attributes
                0x0000000000000000       0x22 /Applications/Ac6/SystemWorkbench.app/Contents/Eclipse/plugins/fr.ac6.mcu.externaltools.arm-none.macos64_1.13.0.201701261202/tools/compiler/bin/../lib/gcc/arm-none-eabi/5.4.1/armv7e-m/fpu/crti.o
 .ARM.attributes
                0x0000000000000022       0x34 /Applications/Ac6/SystemWorkbench.app/Contents/Eclipse/plugins/fr.ac6.mcu.externaltools.arm-none.macos64_1.13.0.201701261202/tools/compiler/bin/../lib/gcc/arm-none-eabi/5.4.1/armv7e-m/fpu/crtbegin.o
 .ARM.attributes
                0x0000000000000056       0x39 HAL_Driver/Src/stm32f4xx_hal.o
 .ARM.attributes
                0x000000000000008f       0x39 HAL_Driver/Src/stm32f4xx_hal_cortex.o
 .ARM.attributes
                0x00000000000000c8       0x39 HAL_Driver/Src/stm32f4xx_hal_rcc.o
 .ARM.attributes
                0x0000000000000101       0x39 Middlewares/Third_Party/FreeRTOS/Source/CMSIS_RTOS/cmsis_os.o
 .ARM.attributes
                0x000000000000013a       0x39 Middlewares/Third_Party/FreeRTOS/Source/list.o
 .ARM.attributes
                0x0000000000000173       0x39 Middlewares/Third_Party/FreeRTOS/Source/tasks.o
 .ARM.attributes
                0x00000000000001ac       0x39 Middlewares/Third_Party/FreeRTOS/Source/portable/GCC/ARM_CM4F/port.o
 .ARM.attributes
                0x00000000000001e5       0x39 src/main.o
 .ARM.attributes
                0x000000000000021e       0x39 src/stm32_dma.o
 .ARM.attributes
                0x0000000000000257       0x39 src/stm32_gpio.o
 .ARM.attributes
                0x0000000000000290       0x39 src/stm32_i2c.o
 .ARM.attributes
                0x00000000000002c9       0x39 src/stm32_uart.o
 .ARM.attributes
                0x0000000000000302       0x39 src/stm32f4xx_it.o
 .ARM.attributes
                0x000000000000033b       0x39 src/system_stm32f4xx.o
 .ARM.attributes
                0x0000000000000374       0x25 startup/startup_stm32.o
 .ARM.attributes
                0x0000000000000399       0x34 /Applications/Ac6/SystemWorkbench.app/Contents/Eclipse/plugins/fr.ac6.mcu.externaltools.arm-none.macos64_1.13.0.201701261202/tools/compiler/bin/../lib/gcc/arm-none-eabi/5.4.1/../../../../arm-none-eabi/lib/armv7e-m/fpu/libc.a(lib_a-impure.o)
 .ARM.attributes
                0x00000000000003cd       0x34 /Applications/Ac6/SystemWorkbench.app/Contents/Eclipse/plugins/fr.ac6.mcu.externaltools.arm-none.macos64_1.13.0.201701261202/tools/compiler/bin/../lib/gcc/arm-none-eabi/5.4.1/../../../../arm-none-eabi/lib/armv7e-m/fpu/libc.a(lib_a-init.o)
 .ARM.attributes
                0x0000000000000401       0x20 /Applications/Ac6/SystemWorkbench.app/Contents/Eclipse/plugins/fr.ac6.mcu.externaltools.arm-none.macos64_1.13.0.201701261202/tools/compiler/bin/../lib/gcc/arm-none-eabi/5.4.1/../../../../arm-none-eabi/lib/armv7e-m/fpu/libc.a(lib_a-memcpy.o)
 .ARM.attributes
                0x0000000000000421       0x34 /Applications/Ac6/SystemWorkbench.app/Contents/Eclipse/plugins/fr.ac6.mcu.externaltools.arm-none.macos64_1.13.0.201701261202/tools/compiler/bin/../lib/gcc/arm-none-eabi/5.4.1/../../../../arm-none-eabi/lib/armv7e-m/fpu/libc.a(lib_a-__call_atexit.o)
 .ARM.attributes
                0x0000000000000455       0x34 /Applications/Ac6/SystemWorkbench.app/Contents/Eclipse/plugins/fr.ac6.mcu.externaltools.arm-none.macos64_1.13.0.201701261202/tools/compiler/bin/../lib/gcc/arm-none-eabi/5.4.1/../../../../arm-none-eabi/lib/armv7e-m/fpu/libc.a(lib_a-atexit.o)
 .ARM.attributes
                0x0000000000000489       0x34 /Applications/Ac6/SystemWorkbench.app/Contents/Eclipse/plugins/fr.ac6.mcu.externaltools.arm-none.macos64_1.13.0.201701261202/tools/compiler/bin/../lib/gcc/arm-none-eabi/5.4.1/../../../../arm-none-eabi/lib/armv7e-m/fpu/libc.a(lib_a-fini.o)
 .ARM.attributes
                0x00000000000004bd       0x34 /Applications/Ac6/SystemWorkbench.app/Contents/Eclipse/plugins/fr.ac6.mcu.externaltools.arm-none.macos64_1.13.0.201701261202/tools/compiler/bin/../lib/gcc/arm-none-eabi/5.4.1/../../../../arm-none-eabi/lib/armv7e-m/fpu/libc.a(lib_a-__atexit.o)
 .ARM.attributes
                0x00000000000004f1       0x22 /Applications/Ac6/SystemWorkbench.app/Contents/Eclipse/plugins/fr.ac6.mcu.externaltools.arm-none.macos64_1.13.0.201701261202/tools/compiler/bin/../lib/gcc/arm-none-eabi/5.4.1/armv7e-m/fpu/crtn.o
OUTPUT(touch_filter.elf elf32-littlearm)

.comment        0x0000000000000000       0x6e
 .comment       0x0000000000000000       0x6e HAL_Driver/Src/stm32f4xx_hal.o
                                         0x6f (size before relaxing)
 .comment       0x000000000000006e       0x6f HAL_Driver/Src/stm32f4xx_hal_cortex.o
 .comment       0x000000000000006e       0x6f HAL_Driver/Src/stm32f4xx_hal_rcc.o
 .comment       0x000000000000006e       0x6f Middlewares/Third_Party/FreeRTOS/Source/CMSIS_RTOS/cmsis_os.o
 .comment       0x000000000000006e       0x6f Middlewares/Third_Party/FreeRTOS/Source/list.o
 .comment       0x000000000000006e       0x6f Middlewares/Third_Party/FreeRTOS/Source/tasks.o
 .comment       0x000000000000006e       0x6f Middlewares/Third_Party/FreeRTOS/Source/portable/GCC/ARM_CM4F/port.o
 .comment       0x000000000000006e       0x6f src/main.o
 .comment       0x000000000000006e       0x6f src/stm32_dma.o
 .comment       0x000000000000006e       0x6f src/stm32_gpio.o
 .comment       0x000000000000006e       0x6f src/stm32_i2c.o
 .comment       0x000000000000006e       0x6f src/stm32_uart.o
 .comment       0x000000000000006e       0x6f src/stm32f4xx_it.o
 .comment       0x000000000000006e       0x6f src/system_stm32f4xx.o

.debug_line     0x0000000000000000       0x79
 .debug_line    0x0000000000000000       0x79 startup/startup_stm32.o

.debug_info     0x0000000000000000       0x96
 .debug_info    0x0000000000000000       0x96 startup/startup_stm32.o

.debug_abbrev   0x0000000000000000       0x12
 .debug_abbrev  0x0000000000000000       0x12 startup/startup_stm32.o

.debug_aranges  0x0000000000000000       0x28
 .debug_aranges
                0x0000000000000000       0x28 startup/startup_stm32.o

.debug_ranges   0x0000000000000000       0x20
 .debug_ranges  0x0000000000000000       0x20 startup/startup_stm32.o

.debug_frame    0x0000000000000000      0x104
 .debug_frame   0x0000000000000000       0x2c /Applications/Ac6/SystemWorkbench.app/Contents/Eclipse/plugins/fr.ac6.mcu.externaltools.arm-none.macos64_1.13.0.201701261202/tools/compiler/bin/../lib/gcc/arm-none-eabi/5.4.1/../../../../arm-none-eabi/lib/armv7e-m/fpu/libc.a(lib_a-init.o)
 .debug_frame   0x000000000000002c       0x50 /Applications/Ac6/SystemWorkbench.app/Contents/Eclipse/plugins/fr.ac6.mcu.externaltools.arm-none.macos64_1.13.0.201701261202/tools/compiler/bin/../lib/gcc/arm-none-eabi/5.4.1/../../../../arm-none-eabi/lib/armv7e-m/fpu/libc.a(lib_a-__call_atexit.o)
 .debug_frame   0x000000000000007c       0x20 /Applications/Ac6/SystemWorkbench.app/Contents/Eclipse/plugins/fr.ac6.mcu.externaltools.arm-none.macos64_1.13.0.201701261202/tools/compiler/bin/../lib/gcc/arm-none-eabi/5.4.1/../../../../arm-none-eabi/lib/armv7e-m/fpu/libc.a(lib_a-atexit.o)
 .debug_frame   0x000000000000009c       0x34 /Applications/Ac6/SystemWorkbench.app/Contents/Eclipse/plugins/fr.ac6.mcu.externaltools.arm-none.macos64_1.13.0.201701261202/tools/compiler/bin/../lib/gcc/arm-none-eabi/5.4.1/../../../../arm-none-eabi/lib/armv7e-m/fpu/libc.a(lib_a-fini.o)
 .debug_frame   0x00000000000000d0       0x34 /Applications/Ac6/SystemWorkbench.app/Contents/Eclipse/plugins/fr.ac6.mcu.externaltools.arm-none.macos64_1.13.0.201701261202/tools/compiler/bin/../lib/gcc/arm-none-eabi/5.4.1/../../../../arm-none-eabi/lib/armv7e-m/fpu/libc.a(lib_a-__atexit.o)
