20:34:36 **** Incremental Build of configuration Debug for project touch_filter ****
make all 
Building file: ../src/main.c
Invoking: MCU GCC Compiler
/Users/Myren/Documents/touch_filter_fx/Project/Software/workspace/touch_filter/Debug
arm-none-eabi-gcc -mcpu=cortex-m4 -mthumb -mfloat-abi=hard -mfpu=fpv4-sp-d16 -DSTM32F405RGTx -DSTM32 -DSTM32F4 -DDEBUG -DUSE_HAL_DRIVER -DSTM32F405xx -DUSE_RTOS_SYSTICK -I"/Users/Myren/Documents/touch_filter_fx/Project/Software/workspace/touch_filter/inc" -I"/Users/Myren/Documents/touch_filter_fx/Project/Software/workspace/touch_filter/HAL_Driver/Inc" -I"/Users/Myren/Documents/touch_filter_fx/Project/Software/workspace/touch_filter/HAL_Driver/Inc/Legacy" -I"/Users/Myren/Documents/touch_filter_fx/Project/Software/workspace/touch_filter/Middlewares/Third_Party/FreeRTOS/Source/include" -I"/Users/Myren/Documents/touch_filter_fx/Project/Software/workspace/touch_filter/Middlewares/Third_Party/FreeRTOS/Source/portable/GCC/ARM_CM4F" -I"/Users/Myren/Documents/touch_filter_fx/Project/Software/workspace/touch_filter/Middlewares/Third_Party/FreeRTOS/Source/CMSIS_RTOS" -I"/Users/Myren/Documents/touch_filter_fx/Project/Software/workspace/touch_filter/CMSIS/core" -I"/Users/Myren/Documents/touch_filter_fx/Project/Software/workspace/touch_filter/CMSIS/device" -O0 -g3 -Wall -fmessage-length=0 -ffunction-sections -c -MMD -MP -MF"src/main.d" -MT"src/main.o" -o "src/main.o" "../src/main.c"
Finished building: ../src/main.c
 
Building target: touch_filter.elf
Invoking: MCU GCC Linker
arm-none-eabi-gcc -mcpu=cortex-m4 -mthumb -mfloat-abi=hard -mfpu=fpv4-sp-d16 -T"/Users/Myren/Documents/touch_filter_fx/Project/Software/workspace/touch_filter/LinkerScript.ld" -Wl,-Map=output.map -Wl,--gc-sections -lm -o "touch_filter.elf" @"objects.list"  
Finished building target: touch_filter.elf
 
/Library/Developer/CommandLineTools/usr/bin/make --no-print-directory post-build
Generating binary and Printing size information:
arm-none-eabi-objcopy -O binary "touch_filter.elf" "touch_filter.bin"
arm-none-eabi-size "touch_filter.elf"
   text	   data	    bss	    dec	    hex	filename
   9532	   1084	   1632	  12248	   2fd8	touch_filter.elf
 

20:34:38 Build Finished (took 1s.846ms)

